../Core/Src/main.c:84:5:_write	24	static
../Core/Src/main.c:95:5:main	96	static
../Core/Src/main.c:214:6:SystemClock_Config	96	static
../Core/Src/main.c:275:13:MX_DFSDM1_Init	8	static
../Core/Src/main.c:313:13:MX_I2C1_Init	8	static
../Core/Src/main.c:361:13:MX_QUADSPI_Init	8	static
../Core/Src/main.c:394:13:MX_SPI3_Init	8	static
../Core/Src/main.c:434:13:MX_USART1_UART_Init	8	static
../Core/Src/main.c:469:13:MX_USB_OTG_FS_PCD_Init	8	static
../Core/Src/main.c:504:13:MX_GPIO_Init	48	static
../Core/Src/main.c:706:6:Error_Handler	4	static,ignoring_inline_asm
